Release 14.7 - xst P.20131013 (nt64)
Copyright (c) 1995-2013 Xilinx, Inc.  All rights reserved.
--> Parameter TMPDIR set to xst/projnav.tmp


Total REAL time to Xst completion: 0.00 secs
Total CPU time to Xst completion: 0.09 secs
 
--> Parameter xsthdpdir set to xst


Total REAL time to Xst completion: 0.00 secs
Total CPU time to Xst completion: 0.09 secs
 
--> Reading design: MemoriaPrograma.prj

TABLE OF CONTENTS
  1) Synthesis Options Summary
  2) HDL Parsing
  3) HDL Elaboration
  4) HDL Synthesis
       4.1) HDL Synthesis Report
  5) Advanced HDL Synthesis
       5.1) Advanced HDL Synthesis Report
  6) Low Level Synthesis
  7) Partition Report
  8) Design Summary
       8.1) Primitive and Black Box Usage
       8.2) Device utilization summary
       8.3) Partition Resource Summary
       8.4) Timing Report
            8.4.1) Clock Information
            8.4.2) Asynchronous Control Signals Information
            8.4.3) Timing Summary
            8.4.4) Timing Details
            8.4.5) Cross Clock Domains Report


=========================================================================
*                      Synthesis Options Summary                        *
=========================================================================
---- Source Parameters
Input File Name                    : "MemoriaPrograma.prj"
Ignore Synthesis Constraint File   : NO

---- Target Parameters
Output File Name                   : "MemoriaPrograma"
Output Format                      : NGC
Target Device                      : xc7a100t-3-csg324

---- Source Options
Top Module Name                    : MemoriaPrograma
Automatic FSM Extraction           : YES
FSM Encoding Algorithm             : Auto
Safe Implementation                : No
FSM Style                          : LUT
RAM Extraction                     : Yes
RAM Style                          : Auto
ROM Extraction                     : Yes
Shift Register Extraction          : YES
ROM Style                          : Auto
Resource Sharing                   : YES
Asynchronous To Synchronous        : NO
Shift Register Minimum Size        : 2
Use DSP Block                      : Auto
Automatic Register Balancing       : No

---- Target Options
LUT Combining                      : Auto
Reduce Control Sets                : Auto
Add IO Buffers                     : YES
Global Maximum Fanout              : 100000
Add Generic Clock Buffer(BUFG)     : 32
Register Duplication               : YES
Optimize Instantiated Primitives   : NO
Use Clock Enable                   : Auto
Use Synchronous Set                : Auto
Use Synchronous Reset              : Auto
Pack IO Registers into IOBs        : Auto
Equivalent register Removal        : YES

---- General Options
Optimization Goal                  : Speed
Optimization Effort                : 1
Power Reduction                    : NO
Keep Hierarchy                     : No
Netlist Hierarchy                  : As_Optimized
RTL Output                         : Yes
Global Optimization                : AllClockNets
Read Cores                         : YES
Write Timing Constraints           : NO
Cross Clock Analysis               : NO
Hierarchy Separator                : /
Bus Delimiter                      : <>
Case Specifier                     : Maintain
Slice Utilization Ratio            : 100
BRAM Utilization Ratio             : 100
DSP48 Utilization Ratio            : 100
Auto BRAM Packing                  : NO
Slice Utilization Ratio Delta      : 5

=========================================================================


=========================================================================
*                          HDL Parsing                                  *
=========================================================================
Analyzing Verilog file "C:\Users\mvrb9\Desktop\Tec\Micros\proyecto\Proce\ProyectoMicrosFinal\MemoriaPrograma.v" into library work
Parsing module <MemoriaPrograma>.

=========================================================================
*                            HDL Elaboration                            *
=========================================================================

Elaborating module <MemoriaPrograma>.
Reading initialization file \"basicops.txt\".
WARNING:HDLCompiler:1670 - "C:\Users\mvrb9\Desktop\Tec\Micros\proyecto\Proce\ProyectoMicrosFinal\MemoriaPrograma.v" Line 45: Signal <mem_inst> in initial block is partially initialized.

=========================================================================
*                           HDL Synthesis                               *
=========================================================================

Synthesizing Unit <MemoriaPrograma>.
    Related source file is "C:\Users\mvrb9\Desktop\Tec\Micros\proyecto\Proce\ProyectoMicrosFinal\MemoriaPrograma.v".
WARNING:Xst:647 - Input <pc<1:0>> is never used. This port will be preserved and left unconnected if it belongs to a top-level block or it belongs to a sub-block and the hierarchy of this sub-block is preserved.
WARNING:Xst:2999 - Signal 'mem_inst', unconnected in block 'MemoriaPrograma', is tied to its initial value.
    Found 64x32-bit single-port Read Only RAM <Mram_mem_inst> for signal <mem_inst>.
    Found 32-bit register for signal <inst>.
    Found 6-bit register for signal <real_ad<5:0>>.
    Summary:
	inferred   1 RAM(s).
	inferred  38 D-type flip-flop(s).
Unit <MemoriaPrograma> synthesized.

=========================================================================
HDL Synthesis Report

Macro Statistics
# RAMs                                                 : 1
 64x32-bit single-port Read Only RAM                   : 1
# Registers                                            : 2
 32-bit register                                       : 1
 6-bit register                                        : 1

=========================================================================

=========================================================================
*                       Advanced HDL Synthesis                          *
=========================================================================


Synthesizing (advanced) Unit <MemoriaPrograma>.
INFO:Xst:3231 - The small RAM <Mram_mem_inst> will be implemented on LUTs in order to maximize performance and save block RAM resources. If you want to force its implementation on block, use option/constraint ram_style.
    -----------------------------------------------------------------------
    | ram_type           | Distributed                         |          |
    -----------------------------------------------------------------------
    | Port A                                                              |
    |     aspect ratio   | 64-word x 32-bit                    |          |
    |     weA            | connected to signal <GND>           | high     |
    |     addrA          | connected to signal <real_ad>       |          |
    |     diA            | connected to signal <GND>           |          |
    |     doA            | connected to internal node          |          |
    -----------------------------------------------------------------------
Unit <MemoriaPrograma> synthesized (advanced).

=========================================================================
Advanced HDL Synthesis Report

Macro Statistics
# RAMs                                                 : 1
 64x32-bit single-port distributed Read Only RAM       : 1
# Registers                                            : 38
 Flip-Flops                                            : 38

=========================================================================

=========================================================================
*                         Low Level Synthesis                           *
=========================================================================
WARNING:Xst:1293 - FF/Latch <inst_3> has a constant value of 0 in block <MemoriaPrograma>. This FF/Latch will be trimmed during the optimization process.
WARNING:Xst:1896 - Due to other FF/Latch trimming, FF/Latch <inst_6> has a constant value of 0 in block <MemoriaPrograma>. This FF/Latch will be trimmed during the optimization process.
WARNING:Xst:1896 - Due to other FF/Latch trimming, FF/Latch <inst_14> has a constant value of 0 in block <MemoriaPrograma>. This FF/Latch will be trimmed during the optimization process.
WARNING:Xst:1896 - Due to other FF/Latch trimming, FF/Latch <inst_19> has a constant value of 0 in block <MemoriaPrograma>. This FF/Latch will be trimmed during the optimization process.

Optimizing unit <MemoriaPrograma> ...

Mapping all equations...
Building and optimizing final netlist ...
Found area constraint ratio of 100 (+ 5) on block MemoriaPrograma, actual ratio is 0.

Final Macro Processing ...

=========================================================================
Final Register Report

Macro Statistics
# Registers                                            : 34
 Flip-Flops                                            : 34

=========================================================================

=========================================================================
*                           Partition Report                            *
=========================================================================

Partition Implementation Status
-------------------------------

  No Partitions were found in this design.

-------------------------------

=========================================================================
*                            Design Summary                             *
=========================================================================

Top Level Output File Name         : MemoriaPrograma.ngc

Primitive and Black Box Usage:
------------------------------
# BELS                             : 23
#      GND                         : 1
#      LUT5                        : 1
#      LUT6                        : 21
# FlipFlops/Latches                : 34
#      FD                          : 28
#      FDR                         : 6
# Clock Buffers                    : 1
#      BUFGP                       : 1
# IO Buffers                       : 39
#      IBUF                        : 7
#      OBUF                        : 32

Device utilization summary:
---------------------------

Selected Device : 7a100tcsg324-3 


Slice Logic Utilization: 
 Number of Slice Registers:              34  out of  126800     0%  
 Number of Slice LUTs:                   22  out of  63400     0%  
    Number used as Logic:                22  out of  63400     0%  

Slice Logic Distribution: 
 Number of LUT Flip Flop pairs used:     34
   Number with an unused Flip Flop:       0  out of     34     0%  
   Number with an unused LUT:            12  out of     34    35%  
   Number of fully used LUT-FF pairs:    22  out of     34    64%  
   Number of unique control sets:         2

IO Utilization: 
 Number of IOs:                          66
 Number of bonded IOBs:                  40  out of    210    19%  

Specific Feature Utilization:
 Number of BUFG/BUFGCTRLs:                1  out of     32     3%  

---------------------------
Partition Resource Summary:
---------------------------

  No Partitions were found in this design.

---------------------------


=========================================================================
Timing Report

NOTE: THESE TIMING NUMBERS ARE ONLY A SYNTHESIS ESTIMATE.
      FOR ACCURATE TIMING INFORMATION PLEASE REFER TO THE TRACE REPORT
      GENERATED AFTER PLACE-and-ROUTE.

Clock Information:
------------------
-----------------------------------+------------------------+-------+
Clock Signal                       | Clock buffer(FF name)  | Load  |
-----------------------------------+------------------------+-------+
clk                                | BUFGP                  | 34    |
-----------------------------------+------------------------+-------+

Asynchronous Control Signals Information:
----------------------------------------
No asynchronous control signals found in this design

Timing Summary:
---------------
Speed Grade: -3

   Minimum period: 1.255ns (Maximum Frequency: 797.130MHz)
   Minimum input arrival time before clock: 0.652ns
   Maximum output required time after clock: 0.640ns
   Maximum combinational path delay: No path found

Timing Details:
---------------
All values displayed in nanoseconds (ns)

=========================================================================
Timing constraint: Default period analysis for Clock 'clk'
  Clock period: 1.255ns (frequency: 797.130MHz)
  Total number of paths / destination ports: 167 / 28
-------------------------------------------------------------------------
Delay:               1.255ns (Levels of Logic = 1)
  Source:            real_ad_5 (FF)
  Destination:       inst_0 (FF)
  Source Clock:      clk rising
  Destination Clock: clk rising

  Data Path: real_ad_5 to inst_0
                                Gate     Net
    Cell:in->out      fanout   Delay   Delay  Logical Name (Net Name)
    ----------------------------------------  ------------
     FDR:C->Q             22   0.361   0.789  real_ad_5 (real_ad_5)
     LUT6:I0->O            2   0.097   0.000  Mram_mem_inst11 (_n0009<0>)
     FD:D                      0.008          inst_0
    ----------------------------------------
    Total                      1.255ns (0.466ns logic, 0.789ns route)
                                       (37.1% logic, 62.9% route)

=========================================================================
Timing constraint: Default OFFSET IN BEFORE for Clock 'clk'
  Total number of paths / destination ports: 12 / 12
-------------------------------------------------------------------------
Offset:              0.652ns (Levels of Logic = 1)
  Source:            rst (PAD)
  Destination:       real_ad_0 (FF)
  Destination Clock: clk rising

  Data Path: rst to real_ad_0
                                Gate     Net
    Cell:in->out      fanout   Delay   Delay  Logical Name (Net Name)
    ----------------------------------------  ------------
     IBUF:I->O             6   0.001   0.302  rst_IBUF (rst_IBUF)
     FDR:R                     0.349          real_ad_0
    ----------------------------------------
    Total                      0.652ns (0.350ns logic, 0.302ns route)
                                       (53.6% logic, 46.4% route)

=========================================================================
Timing constraint: Default OFFSET OUT AFTER for Clock 'clk'
  Total number of paths / destination ports: 28 / 28
-------------------------------------------------------------------------
Offset:              0.640ns (Levels of Logic = 1)
  Source:            inst_31 (FF)
  Destination:       inst<31> (PAD)
  Source Clock:      clk rising

  Data Path: inst_31 to inst<31>
                                Gate     Net
    Cell:in->out      fanout   Delay   Delay  Logical Name (Net Name)
    ----------------------------------------  ------------
     FD:C->Q               1   0.361   0.279  inst_31 (inst_31)
     OBUF:I->O                 0.000          inst_31_OBUF (inst<31>)
    ----------------------------------------
    Total                      0.640ns (0.361ns logic, 0.279ns route)
                                       (56.4% logic, 43.6% route)

=========================================================================

Cross Clock Domains Report:
--------------------------

Clock to Setup on destination clock clk
---------------+---------+---------+---------+---------+
               | Src:Rise| Src:Fall| Src:Rise| Src:Fall|
Source Clock   |Dest:Rise|Dest:Rise|Dest:Fall|Dest:Fall|
---------------+---------+---------+---------+---------+
clk            |    1.255|         |         |         |
---------------+---------+---------+---------+---------+

=========================================================================


Total REAL time to Xst completion: 7.00 secs
Total CPU time to Xst completion: 7.00 secs
 
--> 

Total memory usage is 4627528 kilobytes

Number of errors   :    0 (   0 filtered)
Number of warnings :    7 (   0 filtered)
Number of infos    :    1 (   0 filtered)

